2026-07-22 09:00:01 INFO  Server starting...
2026-07-22 09:00:02 INFO  Loading configuration...
2026-07-22 09:00:03 INFO  Configuration loaded successfully.
2026-07-22 09:00:04 INFO  Connecting to database...
2026-07-22 09:00:05 INFO  Database connection established.
2026-07-22 09:00:06 INFO  Starting HTTP server on port 8000.
2026-07-22 09:00:07 INFO  Health check endpoint enabled.
2026-07-22 09:00:08 INFO  Cache initialized.
2026-07-22 09:00:09 INFO  Background scheduler started.
2026-07-22 09:00:10 INFO  Waiting for requests...
2026-07-22 09:01:01 INFO  GET /health 200
2026-07-22 09:01:15 INFO  GET /login 200
2026-07-22 09:01:18 INFO  POST /login 200
2026-07-22 09:01:20 INFO  User: alice logged in.
2026-07-22 09:01:25 INFO  GET /dashboard 200
2026-07-22 09:01:30 INFO  GET /api/users 200
2026-07-22 09:01:35 INFO  GET /api/products 200
2026-07-22 09:01:40 INFO  GET /api/orders 200
2026-07-22 09:01:45 WARN  Slow response detected (850ms).
2026-07-22 09:01:50 INFO  GET /reports 200
2026-07-22 09:01:55 INFO  GET /analytics 200
2026-07-22 09:02:00 ERROR Database timeout while fetching orders.
2026-07-22 09:02:05 INFO  Retrying database query...
2026-07-22 09:02:08 INFO  Retry successful.
2026-07-22 09:02:12 INFO  GET /orders 200
2026-07-22 09:02:15 INFO  GET /profile 200
2026-07-22 09:02:20 INFO  POST /profile/update 200
2026-07-22 09:02:25 INFO  GET /notifications 200
2026-07-22 09:02:30 WARN  Disk usage at 81%.
2026-07-22 09:02:35 INFO  Cleanup task started.
2026-07-22 09:02:40 INFO  Cleanup task completed.
2026-07-22 09:02:45 INFO  GET /metrics 200
2026-07-22 09:02:50 INFO  GET /logs 200
2026-07-22 09:02:55 INFO  GET /status 200
2026-07-22 09:03:00 INFO  Backup started.
2026-07-22 09:03:10 INFO  Backup 10% complete.
2026-07-22 09:03:20 INFO  Backup 20% complete.
2026-07-22 09:03:30 INFO  Backup 30% complete.
2026-07-22 09:03:40 INFO  Backup 40% complete.
2026-07-22 09:03:50 INFO  Backup 50% complete.
2026-07-22 09:04:00 INFO  Backup 60% complete.
2026-07-22 09:04:10 INFO  Backup 70% complete.
2026-07-22 09:04:20 INFO  Backup 80% complete.
2026-07-22 09:04:30 INFO  Backup 90% complete.
2026-07-22 09:04:40 INFO  Backup completed.
2026-07-22 09:04:45 INFO  GET /dashboard 200
2026-07-22 09:04:50 INFO  GET /api/products 200
2026-07-22 09:04:55 WARN  Memory usage above 75%.
2026-07-22 09:05:00 INFO  Memory cleanup started.
2026-07-22 09:05:05 INFO  Memory cleanup completed.
2026-07-22 09:05:10 INFO  User: bob logged in.
2026-07-22 09:05:15 INFO  GET /dashboard 200
2026-07-22 09:05:20 INFO  POST /checkout 200
2026-07-22 09:05:25 INFO  Payment processed.
2026-07-22 09:05:30 ERROR Payment gateway unavailable.
2026-07-22 09:05:35 INFO  Retrying payment...
2026-07-22 09:05:40 INFO  Payment successful.
2026-07-22 09:05:45 INFO  Email confirmation sent.
2026-07-22 09:05:50 INFO  GET /orders 200
2026-07-22 09:05:55 INFO  GET /history 200
2026-07-22 09:06:00 INFO  User: charlie logged in.
2026-07-22 09:06:05 INFO  GET /profile 200
2026-07-22 09:06:10 INFO  POST /avatar 200
2026-07-22 09:06:15 WARN  Image upload larger than recommended.
2026-07-22 09:06:20 INFO  Image resized successfully.
2026-07-22 09:06:25 INFO  GET /feed 200
2026-07-22 09:06:30 INFO  GET /messages 200
2026-07-22 09:06:35 INFO  GET /notifications 200
2026-07-22 09:06:40 ERROR Redis connection lost.
2026-07-22 09:06:45 INFO  Reconnecting Redis...
2026-07-22 09:06:50 INFO  Redis reconnected.
2026-07-22 09:06:55 INFO  Cache restored.
2026-07-22 09:07:00 INFO  GET /metrics 200
2026-07-22 09:07:05 INFO  GET /logs 200
2026-07-22 09:07:10 INFO  GET /settings 200
2026-07-22 09:07:15 INFO  User updated password.
2026-07-22 09:07:20 INFO  Password change email sent.
2026-07-22 09:07:25 WARN  CPU usage at 92%.
2026-07-22 09:07:30 INFO  Scaling workers...
2026-07-22 09:07:35 INFO  Worker count increased to 8.
2026-07-22 09:07:40 INFO  GET /dashboard 200
2026-07-22 09:07:45 INFO  GET /analytics 200
2026-07-22 09:07:50 INFO  GET /reports 200
2026-07-22 09:07:55 INFO  GET /export 200
2026-07-22 09:08:00 ERROR Export failed due to timeout.
2026-07-22 09:08:05 INFO  Retrying export...
2026-07-22 09:08:10 INFO  Export completed successfully.
2026-07-22 09:08:15 INFO  GET /download/report.pdf 200
2026-07-22 09:08:20 INFO  GET /logout 200
2026-07-22 09:08:25 INFO  User logged out.
2026-07-22 09:08:30 INFO  Nightly cleanup scheduled.
2026-07-22 09:08:35 INFO  Temporary files removed.
2026-07-22 09:08:40 INFO  Session cleanup complete.
2026-07-22 09:08:45 INFO  Health check passed.
2026-07-22 09:08:50 INFO  Waiting for requests...
2026-07-22 09:08:55 INFO  GET /health 200
2026-07-22 09:09:00 INFO  GET /status 200
2026-07-22 09:09:05 INFO  GET /metrics 200
2026-07-22 09:09:10 INFO  GET /dashboard 200
2026-07-22 09:09:15 INFO  GET /products 200
2026-07-22 09:09:20 INFO  GET /orders 200
2026-07-22 09:09:25 INFO  GET /users 200
2026-07-22 09:09:30 INFO  GET /reports 200
2026-07-22 09:09:35 INFO  GET /analytics 200
2026-07-22 09:09:40 INFO  Server running normally.
2026-07-22 09:09:45 INFO  End of log snapshot.
